
  .   ____          _            __ _ _
 /\\ / ___'_ __ _ _(_)_ __  __ _ \ \ \ \
( ( )\___ | '_ | '_| | '_ \/ _` | \ \ \ \
 \\/  ___)| |_)| | | | | || (_| |  ) ) ) )
  '  |____| .__|_| |_|_| |_\__, | / / / /
 =========|_|==============|___/=/_/_/_/

 :: Spring Boot ::                (v4.0.6)

2026-07-15T11:04:59.041-04:00  INFO 12804 --- [ms-proveedores] [           main] c.b.proveedores.ProveedoresApplication   : Starting ProveedoresApplication v0.0.1-SNAPSHOT using Java 25.0.1 with PID 12804 (C:\Users\Matias\Desktop\Proyectos_fs1\Bookpoint_fs1\ms-proveedores\target\proveedores-0.0.1-SNAPSHOT.jar started by Matias in C:\Users\Matias\Desktop\Proyectos_fs1\Bookpoint_fs1\ms-proveedores)
2026-07-15T11:04:59.056-04:00  INFO 12804 --- [ms-proveedores] [           main] c.b.proveedores.ProveedoresApplication   : No active profile set, falling back to 1 default profile: "default"
2026-07-15T11:05:03.052-04:00  INFO 12804 --- [ms-proveedores] [           main] .s.d.r.c.RepositoryConfigurationDelegate : Bootstrapping Spring Data JPA repositories in DEFAULT mode.
2026-07-15T11:05:03.214-04:00  INFO 12804 --- [ms-proveedores] [           main] .s.d.r.c.RepositoryConfigurationDelegate : Finished Spring Data repository scanning in 131 ms. Found 3 JPA repository interfaces.
2026-07-15T11:05:03.830-04:00  INFO 12804 --- [ms-proveedores] [           main] o.s.cloud.context.scope.GenericScope     : BeanFactory id=f38b2741-116e-35ea-b370-6dc22a07c39c
2026-07-15T11:05:05.328-04:00  INFO 12804 --- [ms-proveedores] [           main] o.s.boot.tomcat.TomcatWebServer          : Tomcat initialized with port 8086 (http)
2026-07-15T11:05:05.377-04:00  INFO 12804 --- [ms-proveedores] [           main] o.apache.catalina.core.StandardService   : Starting service [Tomcat]
2026-07-15T11:05:05.379-04:00  INFO 12804 --- [ms-proveedores] [           main] o.apache.catalina.core.StandardEngine    : Starting Servlet engine: [Apache Tomcat/11.0.21]
2026-07-15T11:05:05.477-04:00  INFO 12804 --- [ms-proveedores] [           main] b.w.c.s.WebApplicationContextInitializer : Root WebApplicationContext: initialization completed in 6193 ms
2026-07-15T11:05:06.588-04:00  INFO 12804 --- [ms-proveedores] [           main] org.hibernate.orm.jpa                    : HHH008540: Processing PersistenceUnitInfo [name: default]
2026-07-15T11:05:06.965-04:00  INFO 12804 --- [ms-proveedores] [           main] org.hibernate.orm.core                   : HHH000001: Hibernate ORM core version 7.2.12.Final
2026-07-15T11:05:08.900-04:00  INFO 12804 --- [ms-proveedores] [           main] o.s.o.j.p.SpringPersistenceUnitInfo      : No LoadTimeWeaver setup: ignoring JPA class transformer
2026-07-15T11:05:08.992-04:00  INFO 12804 --- [ms-proveedores] [           main] com.zaxxer.hikari.HikariDataSource       : HikariPool-1 - Starting...
2026-07-15T11:05:09.416-04:00  INFO 12804 --- [ms-proveedores] [           main] com.zaxxer.hikari.pool.HikariPool        : HikariPool-1 - Added connection com.mysql.cj.jdbc.ConnectionImpl@61bf405d
2026-07-15T11:05:09.420-04:00  INFO 12804 --- [ms-proveedores] [           main] com.zaxxer.hikari.HikariDataSource       : HikariPool-1 - Start completed.
2026-07-15T11:05:09.560-04:00  WARN 12804 --- [ms-proveedores] [           main] org.hibernate.orm.core                   : HHH000511: The 5.5.5 version for [org.hibernate.dialect.MySQLDialect] is no longer supported, hence certain features may not work properly.The minimum supported version is 8.0.0. Check the community dialects project for available legacy versions.
2026-07-15T11:05:09.614-04:00  INFO 12804 --- [ms-proveedores] [           main] org.hibernate.orm.connections.pooling    : HHH10001005: Database info:
	Database JDBC URL [jdbc:mysql://localhost:3306/bookpoint_proveedores?createDatabaseIfNotExist=true&useSSL=false&serverTimezone=UTC&allowPublicKeyRetrieval=true]
	Database driver: MySQL Connector/J
	Database dialect: MySQLDialect
	Database version: 5.5.5
	Default catalog/schema: bookpoint_proveedores/undefined
	Autocommit mode: undefined/unknown
	Isolation level: REPEATABLE_READ [default REPEATABLE_READ]
	JDBC fetch size: none
	Pool: DataSourceConnectionProvider
	Minimum pool size: undefined/unknown
	Maximum pool size: undefined/unknown
2026-07-15T11:05:11.984-04:00  INFO 12804 --- [ms-proveedores] [           main] org.hibernate.orm.core                   : HHH000489: No JTA platform available (set 'hibernate.transaction.jta.platform' to enable JTA platform integration)
Hibernate: 
    alter table ordenes_compra 
       modify column estado enum ('CANCELADA','PENDIENTE','RECIBIDA') not null
2026-07-15T11:05:12.445-04:00  INFO 12804 --- [ms-proveedores] [           main] j.LocalContainerEntityManagerFactoryBean : Initialized JPA EntityManagerFactory for persistence unit 'default'
2026-07-15T11:05:12.639-04:00  INFO 12804 --- [ms-proveedores] [           main] o.s.d.j.r.query.QueryEnhancerFactories   : Hibernate is in classpath; If applicable, HQL parser will be used.
2026-07-15T11:05:13.831-04:00  WARN 12804 --- [ms-proveedores] [           main] JpaBaseConfiguration$JpaWebConfiguration : spring.jpa.open-in-view is enabled by default. Therefore, database queries may be performed during view rendering. Explicitly configure spring.jpa.open-in-view to disable this warning
2026-07-15T11:05:16.135-04:00  INFO 12804 --- [ms-proveedores] [           main] o.s.b.a.e.web.EndpointLinksResolver      : Exposing 1 endpoint beneath base path '/actuator'
2026-07-15T11:05:16.472-04:00  INFO 12804 --- [ms-proveedores] [           main] o.s.boot.tomcat.TomcatWebServer          : Tomcat started on port 8086 (http) with context path '/'
2026-07-15T11:05:16.509-04:00  INFO 12804 --- [ms-proveedores] [           main] c.b.proveedores.ProveedoresApplication   : Started ProveedoresApplication in 19.004 seconds (process running for 21.839)
Hibernate: 
    select
        count(*) 
    from
        proveedores p1_0
2026-07-15T11:05:17.769-04:00  INFO 12804 --- [ms-proveedores] [           main] c.b.proveedores.config.DataInitializer   : Proveedores y ODC ya inicializados en la base de datos.
2026-07-15T11:05:17.771-04:00  WARN 12804 --- [ms-proveedores] [           main] o.s.core.events.SpringDocAppInitializer  : SpringDoc /v3/api-docs endpoint is enabled by default. To disable it in production, set the property 'springdoc.api-docs.enabled=false'
2026-07-15T11:05:17.772-04:00  WARN 12804 --- [ms-proveedores] [           main] o.s.core.events.SpringDocAppInitializer  : SpringDoc /swagger-ui.html endpoint is enabled by default. To disable it in production, set the property 'springdoc.swagger-ui.enabled=false'
2026-07-15T11:18:07.758-04:00  WARN 12804 --- [ms-proveedores] [l-1:housekeeper] com.zaxxer.hikari.pool.HikariPool        : HikariPool-1 - Thread starvation or clock leap detected (housekeeper delta=9m28s231ms484µs600ns).
